foo = 1.0;
<<<PRETTIER_RANGE_START>>><<<PRETTIER_RANGE_END>>>bar = 1.0000
baz = 1.0;
// The range will be 13~13, should not format anything
