{
	"hello": "world",
	"foo": "bar",
	"baz": [
		"qux",
		"quux",
		{
			"corge": "grault",
			"garply": "waldo"
		}
	]
}
